// Jest Snapshot v1, https://goo.gl/fbAQLP

exports[`v4 "customOptionsFactory" option should work with a function 1`] = `
[MockFunction] {
  "calls": Array [
    Array [
      undefined,
      1,
      undefined,
    ],
    Array [
      undefined,
      undefined,
      undefined,
    ],
    Array [
      undefined,
      0.5,
      undefined,
    ],
    Array [
      300,
      undefined,
      undefined,
    ],
  ],
  "results": Array [
    Object {
      "type": "return",
      "value": Object {
        "fileLoaderOptions": Object {
          "esModule": false,
        },
      },
    },
    Object {
      "type": "return",
      "value": Object {
        "fileLoaderOptions": Object {
          "esModule": false,
        },
      },
    },
    Object {
      "type": "return",
      "value": Object {
        "fileLoaderOptions": Object {
          "esModule": false,
        },
      },
    },
    Object {
      "type": "return",
      "value": Object {
        "fileLoaderOptions": Object {
          "esModule": false,
        },
      },
    },
  ],
}
`;

exports[`v4 "customOptionsFactory" option should work with a function: result 1`] = `"fdaf70a107ad3cebfaf1e03ff0601c1c.jpg 2x, fdaf70a107ad3cebfaf1e03ff0601c1c.jpg, fdaf70a107ad3cebfaf1e03ff0601c1c.jpg 1x, fdaf70a107ad3cebfaf1e03ff0601c1c.jpg 300w"`;

exports[`v5 "customOptionsFactory" option should work with a function 1`] = `
[MockFunction] {
  "calls": Array [
    Array [
      undefined,
      1,
      undefined,
    ],
    Array [
      undefined,
      undefined,
      undefined,
    ],
    Array [
      undefined,
      0.5,
      undefined,
    ],
    Array [
      300,
      undefined,
      undefined,
    ],
  ],
  "results": Array [
    Object {
      "type": "return",
      "value": Object {
        "fileLoaderOptions": Object {
          "esModule": false,
        },
      },
    },
    Object {
      "type": "return",
      "value": Object {
        "fileLoaderOptions": Object {
          "esModule": false,
        },
      },
    },
    Object {
      "type": "return",
      "value": Object {
        "fileLoaderOptions": Object {
          "esModule": false,
        },
      },
    },
    Object {
      "type": "return",
      "value": Object {
        "fileLoaderOptions": Object {
          "esModule": false,
        },
      },
    },
  ],
}
`;

exports[`v5 "customOptionsFactory" option should work with a function: result 1`] = `"fdaf70a107ad3cebfaf1e03ff0601c1c.jpg 2x, fdaf70a107ad3cebfaf1e03ff0601c1c.jpg, fdaf70a107ad3cebfaf1e03ff0601c1c.jpg 1x, fdaf70a107ad3cebfaf1e03ff0601c1c.jpg 300w"`;
