// Jest Snapshot v1, https://goo.gl/fbAQLP

exports[`v4 "scaleUp" option should not skip original size: result 1`] = `"fdaf70a107ad3cebfaf1e03ff0601c1c.jpg 2912w"`;

exports[`v4 "scaleUp" option should skip greater size: result 1`] = `"fdaf70a107ad3cebfaf1e03ff0601c1c.jpg 1x"`;

exports[`v4 "scaleUp" option should work with true: result 1`] = `"a5e4cd08cdc5d90da660e7acfb548473.jpg 2913w"`;

exports[`v5 "scaleUp" option should not skip original size: result 1`] = `"fdaf70a107ad3cebfaf1e03ff0601c1c.jpg 2912w"`;

exports[`v5 "scaleUp" option should skip greater size: result 1`] = `"fdaf70a107ad3cebfaf1e03ff0601c1c.jpg 1x"`;

exports[`v5 "scaleUp" option should work with true: result 1`] = `"a5e4cd08cdc5d90da660e7acfb548473.jpg 2913w"`;
