// Jest Snapshot v1, https://goo.gl/fbAQLP

exports[`"sizes" option should work with ["1x", "2x"]: result 1`] = `"44aacd9d8d250c420d100a3fb0f1debe.jpg 1x, fdaf70a107ad3cebfaf1e03ff0601c1c.jpg 2x"`;

exports[`"sizes" option should work with ["1x", "300w", null, "2x"]: result 1`] = `"44aacd9d8d250c420d100a3fb0f1debe.jpg 1x, f64d5a6cf45bcebd0bce0fd66010d2a9.jpg 300w, fdaf70a107ad3cebfaf1e03ff0601c1c.jpg, fdaf70a107ad3cebfaf1e03ff0601c1c.jpg 2x"`;

exports[`"sizes" option should work with ["2x"]: result 1`] = `"fdaf70a107ad3cebfaf1e03ff0601c1c.jpg 2x"`;

exports[`"sizes" option should work with ["300w"]: result 1`] = `"f64d5a6cf45bcebd0bce0fd66010d2a9.jpg 300w"`;

exports[`"sizes" option should work with [null]: result 1`] = `"fdaf70a107ad3cebfaf1e03ff0601c1c.jpg"`;

exports[`"sizes" option should work with empty array: result 1`] = `""`;
