// Jest Snapshot v1, https://goo.gl/fbAQLP

exports[`use with webpack-query-loader: result 1`] = `"44aacd9d8d250c420d100a3fb0f1debe.jpg 1x, f64d5a6cf45bcebd0bce0fd66010d2a9.jpg 300w, fdaf70a107ad3cebfaf1e03ff0601c1c.jpg, fdaf70a107ad3cebfaf1e03ff0601c1c.jpg 2x"`;
