// Jest Snapshot v1, https://goo.gl/fbAQLP

exports[`v4 "optionsGenerator" option should work with a function 1`] = `
[MockFunction] {
  "calls": Array [
    Array [
      undefined,
      1,
      undefined,
    ],
    Array [
      undefined,
      undefined,
      undefined,
    ],
    Array [
      undefined,
      0.5,
      undefined,
    ],
    Array [
      300,
      undefined,
      undefined,
    ],
  ],
  "results": Array [
    Object {
      "type": "return",
      "value": Object {
        "fileLoaderOptions": Object {
          "esModule": false,
        },
      },
    },
    Object {
      "type": "return",
      "value": Object {
        "fileLoaderOptions": Object {
          "esModule": false,
        },
      },
    },
    Object {
      "type": "return",
      "value": Object {
        "fileLoaderOptions": Object {
          "esModule": false,
        },
      },
    },
    Object {
      "type": "return",
      "value": Object {
        "fileLoaderOptions": Object {
          "esModule": false,
        },
      },
    },
  ],
}
`;

exports[`v4 "optionsGenerator" option should work with a function: result 1`] = `"bd2b9fdf768b5eb139702c4c3b4573de.jpg 2x, bd2b9fdf768b5eb139702c4c3b4573de.jpg, bd2b9fdf768b5eb139702c4c3b4573de.jpg 1x, bd2b9fdf768b5eb139702c4c3b4573de.jpg 300w"`;

exports[`v5 "optionsGenerator" option should work with a function 1`] = `
[MockFunction] {
  "calls": Array [
    Array [
      undefined,
      1,
      undefined,
    ],
    Array [
      undefined,
      undefined,
      undefined,
    ],
    Array [
      undefined,
      0.5,
      undefined,
    ],
    Array [
      300,
      undefined,
      undefined,
    ],
  ],
  "results": Array [
    Object {
      "type": "return",
      "value": Object {
        "fileLoaderOptions": Object {
          "esModule": false,
        },
      },
    },
    Object {
      "type": "return",
      "value": Object {
        "fileLoaderOptions": Object {
          "esModule": false,
        },
      },
    },
    Object {
      "type": "return",
      "value": Object {
        "fileLoaderOptions": Object {
          "esModule": false,
        },
      },
    },
    Object {
      "type": "return",
      "value": Object {
        "fileLoaderOptions": Object {
          "esModule": false,
        },
      },
    },
  ],
}
`;

exports[`v5 "optionsGenerator" option should work with a function: result 1`] = `"bd2b9fdf768b5eb139702c4c3b4573de.jpg 2x, bd2b9fdf768b5eb139702c4c3b4573de.jpg, bd2b9fdf768b5eb139702c4c3b4573de.jpg 1x, bd2b9fdf768b5eb139702c4c3b4573de.jpg 300w"`;
